$ kubectl create ns simple
namespace/simple created

$ k apply -f simple.yaml -n simple
deployment.apps/simple created
service/simple created

$ k create -f istio-specs.yaml -n simple
virtualservice.networking.istio.io/simple created
gateway.networking.istio.io/simple created

$ ki get svc
NAME                   TYPE           CLUSTER-IP       EXTERNAL-IP   PORT(S)                                                                      AGE
istio-egressgateway    ClusterIP      10.105.43.4      <none>        80/TCP,443/TCP                                                               2d16h
istio-ingressgateway   LoadBalancer   10.96.87.238     <pending>     15021:31427/TCP,80:30794/TCP,443:31970/TCP,31400:32215/TCP,15443:32067/TCP   2d16h
istiod                 ClusterIP      10.111.165.140   <none>        15010/TCP,15012/TCP,443/TCP,15014/TCP                                        2d16h

$ kubectl create configmap httpserver-env-config --from-env-file=httpserver.configmap -n simple
configmap/httpserver-env-config created

$ k create -f httpserver-deploy.yaml -n simple
deployment.apps/httpserver created

$ curl -H "Host: simple.cncamp.io" 10.96.87.238/hello -v
*   Trying 10.96.87.238:80...
* TCP_NODELAY set
* Connected to 10.96.87.238 (10.96.87.238) port 80 (#0)
> GET /hello HTTP/1.1
> Host: simple.cncamp.io
> User-Agent: curl/7.68.0
> Accept: */*
>
* Mark bundle as not supporting multiuse
< HTTP/1.1 200 OK
< date: Thu, 23 Dec 2021 08:44:44 GMT
< content-length: 1657
< content-type: text/plain; charset=utf-8
< x-envoy-upstream-service-time: 1665
< server: istio-envoy
<
hello [stranger]
===================Details of the http request header:============
X-B3-Spanid=[e930f32f8745b8c8]
X-Envoy-Internal=[true]
X-Envoy-Peer-Metadata=[ChQKDkFQUF9DT05UQUlORVJTEgIaAAoaCgpDTFVTVEVSX0lEEgwaCkt1YmVybmV0ZXMKGQoNSVNUSU9fVkVSU0lPThIIGgYxLjEyLjEKvwMKBkxBQkVMUxK0AyqxAwodCgNhcHASFhoUaXN0aW8taW5ncmVzc2dhdGV3YXkKEwoFY2hhcnQSChoIZ2F0ZXdheXMKFAoIaGVyaXRhZ2USCBoGVGlsbGVyCjYKKWluc3RhbGwub3BlcmF0b3IuaXN0aW8uaW8vb3duaW5nLXJlc291cmNlEgkaB3Vua25vd24KGQoFaXN0aW8SEBoOaW5ncmVzc2dhdGV3YXkKGQoMaXN0aW8uaW8vcmV2EgkaB2RlZmF1bHQKMAobb3BlcmF0b3IuaXN0aW8uaW8vY29tcG9uZW50EhEaD0luZ3Jlc3NHYXRld2F5cwohChFwb2QtdGVtcGxhdGUtaGFzaBIMGgo3N2I2OWI0YmY4ChIKB3JlbGVhc2USBxoFaXN0aW8KOQofc2VydmljZS5pc3Rpby5pby9jYW5vbmljYWwtbmFtZRIWGhRpc3Rpby1pbmdyZXNzZ2F0ZXdheQovCiNzZXJ2aWNlLmlzdGlvLmlvL2Nhbm9uaWNhbC1yZXZpc2lvbhIIGgZsYXRlc3QKIgoXc2lkZWNhci5pc3Rpby5pby9pbmplY3QSBxoFZmFsc2UKGgoHTUVTSF9JRBIPGg1jbHVzdGVyLmxvY2FsCi8KBE5BTUUSJxolaXN0aW8taW5ncmVzc2dhdGV3YXktNzdiNjliNGJmOC10bWNyNAobCglOQU1FU1BBQ0USDhoMaXN0aW8tc3lzdGVtCl0KBU9XTkVSElQaUmt1YmVybmV0ZXM6Ly9hcGlzL2FwcHMvdjEvbmFtZXNwYWNlcy9pc3Rpby1zeXN0ZW0vZGVwbG95bWVudHMvaXN0aW8taW5ncmVzc2dhdGV3YXkKFwoRUExBVEZPUk1fTUVUQURBVEESAioACicKDVdPUktMT0FEX05BTUUSFhoUaXN0aW8taW5ncmVzc2dhdGV3YXk=]
X-Request-Id=[ed93361a-a74d-98cb-a888-9fbaca6dbb22]
X-Envoy-Decorator-Operation=[simple.simple.svc.cluster.local:80/*]
X-Envoy-Peer-Metadata-Id=[router~192.168.223.161~istio-ingressgateway-77b69b4bf8-tmcr4.istio-system~istio-system.svc.cluster.local]
X-Envoy-Attempt-Count=[1]
X-B3-Sampled=[1]
X-Forwarded-Proto=[http]
X-B3-Traceid=[a483acecd85e705ce930f32f8745b8c8]
User-Agent=[curl/7.68.0]
X-Forwarded-For=[10.0.2.15]
Accept=[*/*]
* Connection #0 to host 10.96.87.238 left intact

$ k apply -f nginx.yaml -n simple
deployment.apps/nginx-deployment created
service/nginx created

$ k get svc -n simple
NAME     TYPE        CLUSTER-IP       EXTERNAL-IP   PORT(S)   AGE
nginx    ClusterIP   10.106.191.149   <none>        80/TCP    31s
simple   ClusterIP   10.110.80.179    <none>        80/TCP    54m

$ k apply -f istio-specs.yaml -n simple
virtualservice.networking.istio.io/simple configured

$ curl -H "Host: simple.cncamp.io" 10.96.87.238/simple/hello -v
*   Trying 10.96.87.238:80...
* TCP_NODELAY set
* Connected to 10.96.87.238 (10.96.87.238) port 80 (#0)
> GET /simple/hello HTTP/1.1
> Host: simple.cncamp.io
> User-Agent: curl/7.68.0
> Accept: */*
>
* Mark bundle as not supporting multiuse
< HTTP/1.1 200 OK
< date: Thu, 23 Dec 2021 08:54:07 GMT
< content-length: 1706
< content-type: text/plain; charset=utf-8
< x-envoy-upstream-service-time: 663
< server: istio-envoy
<
hello [stranger]
===================Details of the http request header:============
X-Forwarded-For=[10.0.2.15]
X-B3-Spanid=[38fe243198182165]
X-B3-Sampled=[1]
X-Request-Id=[bfe216a9-a639-97af-a705-0f438fdf44d1]
X-B3-Traceid=[2b2223961ad0f63d38fe243198182165]
X-Envoy-Decorator-Operation=[simple.simple.svc.cluster.local:80/simple/hello]
X-Envoy-Peer-Metadata-Id=[router~192.168.223.161~istio-ingressgateway-77b69b4bf8-tmcr4.istio-system~istio-system.svc.cluster.local]
X-Envoy-Original-Path=[/simple/hello]
X-Envoy-Attempt-Count=[1]
User-Agent=[curl/7.68.0]
Accept=[*/*]
X-Forwarded-Proto=[http]
X-Envoy-Internal=[true]
X-Envoy-Peer-Metadata=[ChQKDkFQUF9DT05UQUlORVJTEgIaAAoaCgpDTFVTVEVSX0lEEgwaCkt1YmVybmV0ZXMKGQoNSVNUSU9fVkVSU0lPThIIGgYxLjEyLjEKvwMKBkxBQkVMUxK0AyqxAwodCgNhcHASFhoUaXN0aW8taW5ncmVzc2dhdGV3YXkKEwoFY2hhcnQSChoIZ2F0ZXdheXMKFAoIaGVyaXRhZ2USCBoGVGlsbGVyCjYKKWluc3RhbGwub3BlcmF0b3IuaXN0aW8uaW8vb3duaW5nLXJlc291cmNlEgkaB3Vua25vd24KGQoFaXN0aW8SEBoOaW5ncmVzc2dhdGV3YXkKGQoMaXN0aW8uaW8vcmV2EgkaB2RlZmF1bHQKMAobb3BlcmF0b3IuaXN0aW8uaW8vY29tcG9uZW50EhEaD0luZ3Jlc3NHYXRld2F5cwohChFwb2QtdGVtcGxhdGUtaGFzaBIMGgo3N2I2OWI0YmY4ChIKB3JlbGVhc2USBxoFaXN0aW8KOQofc2VydmljZS5pc3Rpby5pby9jYW5vbmljYWwtbmFtZRIWGhRpc3Rpby1pbmdyZXNzZ2F0ZXdheQovCiNzZXJ2aWNlLmlzdGlvLmlvL2Nhbm9uaWNhbC1yZXZpc2lvbhIIGgZsYXRlc3QKIgoXc2lkZWNhci5pc3Rpby5pby9pbmplY3QSBxoFZmFsc2UKGgoHTUVTSF9JRBIPGg1jbHVzdGVyLmxvY2FsCi8KBE5BTUUSJxolaXN0aW8taW5ncmVzc2dhdGV3YXktNzdiNjliNGJmOC10bWNyNAobCglOQU1FU1BBQ0USDhoMaXN0aW8tc3lzdGVtCl0KBU9XTkVSElQaUmt1YmVybmV0ZXM6Ly9hcGlzL2FwcHMvdjEvbmFtZXNwYWNlcy9pc3Rpby1zeXN0ZW0vZGVwbG95bWVudHMvaXN0aW8taW5ncmVzc2dhdGV3YXkKFwoRUExBVEZPUk1fTUVUQURBVEESAioACicKDVdPUktMT0FEX05BTUUSFhoUaXN0aW8taW5ncmVzc2dhdGV3YXk=]
* Connection #0 to host 10.96.87.238 left intact

$ curl -H "Host: simple.cncamp.io" 10.96.87.238/hello -v
*   Trying 10.96.87.238:80...
* TCP_NODELAY set
* Connected to 10.96.87.238 (10.96.87.238) port 80 (#0)
> GET /hello HTTP/1.1
> Host: simple.cncamp.io
> User-Agent: curl/7.68.0
> Accept: */*
>
* Mark bundle as not supporting multiuse
< HTTP/1.1 404 Not Found
< date: Thu, 23 Dec 2021 08:54:30 GMT
< server: istio-envoy
< content-length: 0
<
* Connection #0 to host 10.96.87.238 left intact

$ curl -H "Host: simple.cncamp.io" 10.96.87.238/nginx -v
*   Trying 10.96.87.238:80...
* TCP_NODELAY set
* Connected to 10.96.87.238 (10.96.87.238) port 80 (#0)
> GET /nginx HTTP/1.1
> Host: simple.cncamp.io
> User-Agent: curl/7.68.0
> Accept: */*
>
* Mark bundle as not supporting multiuse
< HTTP/1.1 200 OK
< server: istio-envoy
< date: Thu, 23 Dec 2021 08:51:30 GMT
< content-type: text/html
< content-length: 615
< last-modified: Tue, 02 Nov 2021 14:49:22 GMT
< etag: "61814ff2-267"
< accept-ranges: bytes
< x-envoy-upstream-service-time: 1
<
<!DOCTYPE html>
<html>
<head>
<title>Welcome to nginx!</title>
<style>
html { color-scheme: light dark; }
body { width: 35em; margin: 0 auto;
font-family: Tahoma, Verdana, Arial, sans-serif; }
</style>
</head>
<body>
<h1>Welcome to nginx!</h1>
<p>If you see this page, the nginx web server is successfully installed and
working. Further configuration is required.</p>

<p>For online documentation and support please refer to
<a href="http://nginx.org/">nginx.org</a>.<br/>
Commercial support is available at
<a href="http://nginx.com/">nginx.com</a>.</p>

<p><em>Thank you for using nginx.</em></p>
</body>
</html>
* Connection #0 to host 10.96.87.238 left intact

$ kubectl create ns securesvc
namespace/securesvc created

$ kubectl create configmap httpserver-env-config --from-env-file=httpserver.configmap -n securesvc
configmap/httpserver-env-config created

$ k create -f httpserver-deploy.yaml -n securesvc
deployment.apps/httpserver created

$ kubectl label ns securesvc istio-injection=enabled
namespace/securesvc labeled

$ openssl req -x509 -sha256 -nodes -days 365 -newkey rsa:2048 -subj '/O=cncamp Inc./CN=*.cncamp.io' -keyout cncamp.io.key -out cncamp.io.crt
Generating a RSA private key
...+++++
....................................................+++++
writing new private key to 'cncamp.io.key'
-----

$ kubectl create -n istio-system secret tls cncamp-credential --key=cncamp.io.key --cert=cncamp.io.crt
secret/cncamp-credential created

$ k apply -f istio-specs.yaml -n securesvc
virtualservice.networking.istio.io/httpsserver created
gateway.networking.istio.io/httpsserver created

$ k get svc -n istio-system
NAME                   TYPE           CLUSTER-IP       EXTERNAL-IP   PORT(S)                                                                      AGE
istio-egressgateway    ClusterIP      10.105.43.4      <none>        80/TCP,443/TCP                                                               2d18h
istio-ingressgateway   LoadBalancer   10.96.87.238     <pending>     15021:31427/TCP,80:30794/TCP,443:31970/TCP,31400:32215/TCP,15443:32067/TCP   2d18h
istiod                 ClusterIP      10.111.165.140   <none>        15010/TCP,15012/TCP,443/TCP,15014/TCP                                        2d18h

